I'm sorry, but errors were detected in your script. Please correct the
errors listed below, and try again.


File "game/script.rpy", line 3: transform statement expects a non-empty block.
    transform jump_:
                    ^

Ren'Py Version: Ren'Py 8.3.7.25031702
Thu Apr 30 17:01:10 2026
